nohup: ignoring input
Device: cuda
Loading...
  Train:7542 Val:1842 Clean:(7542, 2048),(1842, 2048) Noisy:(1842, 2048)

==================================================
  Simple
==================================================
    [Simple] Seed 42 Ep1/50 train_acc=0.9728
    [Simple] Seed 42 Ep10/50 train_acc=0.9914
    [Simple] Seed 42 Ep20/50 train_acc=0.9967
    [Simple] Seed 42 Ep30/50 train_acc=0.9984
    [Simple] Seed 42 Ep40/50 train_acc=0.9989
    [Simple] Seed 42 Ep50/50 train_acc=0.9996
  [Simple] Seed 42: clean=98.37% noisy=73.56%
    [Simple] Seed 123 Ep1/50 train_acc=0.9776
    [Simple] Seed 123 Ep10/50 train_acc=0.9902
    [Simple] Seed 123 Ep20/50 train_acc=0.9947
    [Simple] Seed 123 Ep30/50 train_acc=0.9988
    [Simple] Seed 123 Ep40/50 train_acc=0.9983
    [Simple] Seed 123 Ep50/50 train_acc=0.9993
  [Simple] Seed 123: clean=98.59% noisy=71.55%
    [Simple] Seed 456 Ep1/50 train_acc=0.9785
    [Simple] Seed 456 Ep10/50 train_acc=0.9902
    [Simple] Seed 456 Ep20/50 train_acc=0.9956
    [Simple] Seed 456 Ep30/50 train_acc=0.9980
    [Simple] Seed 456 Ep40/50 train_acc=0.9992
    [Simple] Seed 456 Ep50/50 train_acc=0.9996
  [Simple] Seed 456: clean=98.53% noisy=73.40%
    [Simple] Seed 789 Ep1/50 train_acc=0.9769
    [Simple] Seed 789 Ep10/50 train_acc=0.9897
    [Simple] Seed 789 Ep20/50 train_acc=0.9955
    [Simple] Seed 789 Ep30/50 train_acc=0.9981
    [Simple] Seed 789 Ep40/50 train_acc=0.9985
    [Simple] Seed 789 Ep50/50 train_acc=0.9995
  [Simple] Seed 789: clean=98.64% noisy=73.67%
    [Simple] Seed 999 Ep1/50 train_acc=0.9801
    [Simple] Seed 999 Ep10/50 train_acc=0.9906
    [Simple] Seed 999 Ep20/50 train_acc=0.9956
    [Simple] Seed 999 Ep30/50 train_acc=0.9977
    [Simple] Seed 999 Ep40/50 train_acc=0.9984
    [Simple] Seed 999 early stop Ep45
  [Simple] Seed 999: clean=98.59% noisy=74.54%
  >> Simple: Clean=98.55±0.10% Noisy=73.34±1.09%

==================================================
  CBAM
==================================================
    [CBAM] Seed 42 Ep1/50 train_acc=0.9642
    [CBAM] Seed 42 Ep10/50 train_acc=0.9863
    [CBAM] Seed 42 Ep20/50 train_acc=0.9871
    [CBAM] Seed 42 Ep30/50 train_acc=0.9863
    [CBAM] Seed 42 early stop Ep37
  [CBAM] Seed 42: clean=97.45% noisy=78.28%
    [CBAM] Seed 123 Ep1/50 train_acc=0.9646
    [CBAM] Seed 123 Ep10/50 train_acc=0.9855
    [CBAM] Seed 123 early stop Ep15
  [CBAM] Seed 123: clean=97.45% noisy=74.97%
    [CBAM] Seed 456 Ep1/50 train_acc=0.9798
    [CBAM] Seed 456 Ep10/50 train_acc=0.9857
    [CBAM] Seed 456 early stop Ep17
  [CBAM] Seed 456: clean=97.45% noisy=77.69%
    [CBAM] Seed 789 Ep1/50 train_acc=0.9820
    [CBAM] Seed 789 Ep10/50 train_acc=0.9859
    [CBAM] Seed 789 Ep20/50 train_acc=0.9862
    [CBAM] Seed 789 Ep30/50 train_acc=0.9862
    [CBAM] Seed 789 Ep40/50 train_acc=0.9874
    [CBAM] Seed 789 early stop Ep45
  [CBAM] Seed 789: clean=97.45% noisy=77.80%
    [CBAM] Seed 999 Ep1/50 train_acc=0.9582
    [CBAM] Seed 999 Ep10/50 train_acc=0.9862
    [CBAM] Seed 999 Ep20/50 train_acc=0.9865
    [CBAM] Seed 999 early stop Ep25
  [CBAM] Seed 999: clean=97.45% noisy=77.25%
  >> CBAM: Clean=97.45±0.00% Noisy=77.20±1.30%

==================================================
  Gated
==================================================
    [Gated] Seed 42 Ep1/50 train_acc=0.9593
    [Gated] Seed 42 Ep10/50 train_acc=0.9899
    [Gated] Seed 42 Ep20/50 train_acc=0.9950
    [Gated] Seed 42 Ep30/50 train_acc=0.9967
    [Gated] Seed 42 Ep40/50 train_acc=0.9977
    [Gated] Seed 42 Ep50/50 train_acc=0.9985
  [Gated] Seed 42: clean=98.32% noisy=73.56%
    [Gated] Seed 123 Ep1/50 train_acc=0.9804
    [Gated] Seed 123 Ep10/50 train_acc=0.9886
    [Gated] Seed 123 Ep20/50 train_acc=0.9942
    [Gated] Seed 123 Ep30/50 train_acc=0.9971
    [Gated] Seed 123 Ep40/50 train_acc=0.9980
    [Gated] Seed 123 Ep50/50 train_acc=0.9987
  [Gated] Seed 123: clean=98.05% noisy=74.54%
    [Gated] Seed 456 Ep1/50 train_acc=0.9800
    [Gated] Seed 456 Ep10/50 train_acc=0.9891
    [Gated] Seed 456 Ep20/50 train_acc=0.9954
    [Gated] Seed 456 Ep30/50 train_acc=0.9975
    [Gated] Seed 456 Ep40/50 train_acc=0.9984
    [Gated] Seed 456 Ep50/50 train_acc=0.9997
  [Gated] Seed 456: clean=98.43% noisy=74.65%
    [Gated] Seed 789 Ep1/50 train_acc=0.9756
    [Gated] Seed 789 Ep10/50 train_acc=0.9883
    [Gated] Seed 789 Ep20/50 train_acc=0.9938
    [Gated] Seed 789 Ep30/50 train_acc=0.9972
    [Gated] Seed 789 Ep40/50 train_acc=0.9980
    [Gated] Seed 789 Ep50/50 train_acc=0.9992
  [Gated] Seed 789: clean=98.48% noisy=74.48%
    [Gated] Seed 999 Ep1/50 train_acc=0.9552
    [Gated] Seed 999 Ep10/50 train_acc=0.9890
    [Gated] Seed 999 Ep20/50 train_acc=0.9942
    [Gated] Seed 999 Ep30/50 train_acc=0.9968
    [Gated] Seed 999 Ep40/50 train_acc=0.9980
    [Gated] Seed 999 early stop Ep46
  [Gated] Seed 999: clean=98.59% noisy=75.68%
  >> Gated: Clean=98.37±0.21% Noisy=74.58±0.75%

==================================================
  CrossAttn
==================================================
    [CrossAttn] Seed 42 Ep1/50 train_acc=0.9798
    [CrossAttn] Seed 42 Ep10/50 train_acc=0.9920
    [CrossAttn] Seed 42 Ep20/50 train_acc=0.9977
    [CrossAttn] Seed 42 Ep30/50 train_acc=0.9980
    [CrossAttn] Seed 42 Ep40/50 train_acc=0.9993
    [CrossAttn] Seed 42 Ep50/50 train_acc=0.9996
  [CrossAttn] Seed 42: clean=97.61% noisy=69.22%
    [CrossAttn] Seed 123 Ep1/50 train_acc=0.9832
    [CrossAttn] Seed 123 Ep10/50 train_acc=0.9915
    [CrossAttn] Seed 123 Ep20/50 train_acc=0.9967
    [CrossAttn] Seed 123 Ep30/50 train_acc=0.9983
    [CrossAttn] Seed 123 Ep40/50 train_acc=0.9988
    [CrossAttn] Seed 123 Ep50/50 train_acc=0.9993
  [CrossAttn] Seed 123: clean=98.26% noisy=71.88%
    [CrossAttn] Seed 456 Ep1/50 train_acc=0.9830
    [CrossAttn] Seed 456 Ep10/50 train_acc=0.9895
    [CrossAttn] Seed 456 Ep20/50 train_acc=0.9977
    [CrossAttn] Seed 456 Ep30/50 train_acc=0.9991
    [CrossAttn] Seed 456 Ep40/50 train_acc=0.9995
    [CrossAttn] Seed 456 Ep50/50 train_acc=0.9996
  [CrossAttn] Seed 456: clean=98.10% noisy=73.40%
    [CrossAttn] Seed 789 Ep1/50 train_acc=0.9781
    [CrossAttn] Seed 789 Ep10/50 train_acc=0.9891
    [CrossAttn] Seed 789 Ep20/50 train_acc=0.9946
    [CrossAttn] Seed 789 Ep30/50 train_acc=0.9984
    [CrossAttn] Seed 789 Ep40/50 train_acc=0.9992
    [CrossAttn] Seed 789 Ep50/50 train_acc=1.0000
  [CrossAttn] Seed 789: clean=98.21% noisy=71.77%
    [CrossAttn] Seed 999 Ep1/50 train_acc=0.9833
    [CrossAttn] Seed 999 Ep10/50 train_acc=0.9911
    [CrossAttn] Seed 999 Ep20/50 train_acc=0.9983
    [CrossAttn] Seed 999 Ep30/50 train_acc=0.9992
    [CrossAttn] Seed 999 Ep40/50 train_acc=0.9992
    [CrossAttn] Seed 999 early stop Ep40
  [CrossAttn] Seed 999: clean=98.32% noisy=72.96%
  >> CrossAttn: Clean=98.10±0.28% Noisy=71.85±1.63%

==================================================
  VisionOnly
==================================================
    [VisionOnly] Seed 42 Ep1/50 train_acc=0.9837
    [VisionOnly] Seed 42 Ep10/50 train_acc=0.9858
    [VisionOnly] Seed 42 early stop Ep13
  [VisionOnly] Seed 42: clean=97.56% noisy=70.85%
    [VisionOnly] Seed 123 Ep1/50 train_acc=0.9838
    [VisionOnly] Seed 123 Ep10/50 train_acc=0.9858
    [VisionOnly] Seed 123 Ep20/50 train_acc=0.9863
    [VisionOnly] Seed 123 early stop Ep29
  [VisionOnly] Seed 123: clean=97.45% noisy=70.47%
    [VisionOnly] Seed 456 Ep1/50 train_acc=0.9828
    [VisionOnly] Seed 456 Ep10/50 train_acc=0.9861
    [VisionOnly] Seed 456 early stop Ep17
  [VisionOnly] Seed 456: clean=97.83% noisy=73.67%
    [VisionOnly] Seed 789 Ep1/50 train_acc=0.9824
    [VisionOnly] Seed 789 Ep10/50 train_acc=0.9855
    [VisionOnly] Seed 789 early stop Ep12
  [VisionOnly] Seed 789: clean=97.45% noisy=71.82%
    [VisionOnly] Seed 999 Ep1/50 train_acc=0.9836
    [VisionOnly] Seed 999 Ep10/50 train_acc=0.9853
    [VisionOnly] Seed 999 early stop Ep14
  [VisionOnly] Seed 999: clean=97.45% noisy=66.56%
  >> VisionOnly: Clean=97.55±0.16% Noisy=70.67±2.61%

============================================================
  SUMMARY
============================================================
  Simple       Clean=98.55±0.10% Noisy=73.34±1.09%
  CBAM         Clean=97.45±0.00% Noisy=77.20±1.30%
  Gated        Clean=98.37±0.21% Noisy=74.58±0.75%
  CrossAttn    Clean=98.10±0.28% Noisy=71.85±1.63%
  VisionOnly   Clean=97.55±0.16% Noisy=70.67±2.61%

Saved → /root/horti-m3-large-dafn/experiments/results/baselines/summary.txt
